
> yann-dev-web@0.1.0 build D:\Work\Portfolio\yann-dev-web
> next build

▲ Next.js 16.2.4 (Turbopack)
- Experiments (use with caution):
  ✓ mdxRs


> Build error occurred
Error: Both middleware file "./src\src\middleware.ts" and proxy file "./src\src\proxy.ts" are detected. Please use "./src\src\proxy.ts" only. Learn more: https://nextjs.org/docs/messages/middleware-to-proxy
    at ignore-listed frames
 ELIFECYCLE  Command failed with exit code 1.
